npm warn Unknown env config "http-proxy". This will stop working in the next major version of npm.

> daily-game-brief@0.1.0 check
> npm run typecheck && npm test && npm run validate:data && npm run validate:locales && npm run build

npm warn Unknown env config "http-proxy". This will stop working in the next major version of npm.

> daily-game-brief@0.1.0 typecheck
> tsc -b --pretty false

npm warn Unknown env config "http-proxy". This will stop working in the next major version of npm.

> daily-game-brief@0.1.0 test
> vitest run


 RUN  v3.2.7 /workspace/scratch/07632210e90f/brief-review

 ✓ scripts/edition-state.test.mjs (34 tests) 71ms
 ✓ scripts/editorial-queue.test.mjs (7 tests) 54ms
 ✓ scripts/edition-revision-overlay.test.mjs (8 tests) 111ms
 ✓ scripts/edition-publisher.test.mjs (10 tests) 113ms
 ✓ scripts/media-product-identity.test.mjs (13 tests) 397ms
 ✓ scripts/styles.test.mjs (19 tests) 22ms
 ✓ scripts/bilingual-publisher.test.mjs (9 tests) 29ms
 ✓ scripts/release-calendar-packet.test.mjs (11 tests) 234ms
 ✓ scripts/release-calendar-rolling.test.mjs (4 tests) 97ms
 ✓ scripts/title-translations.test.mjs (13 tests) 29ms
 ✓ scripts/editorial-contract.test.mjs (11 tests) 12ms
 ✓ scripts/editorial-submission.test.mjs (8 tests) 40ms
 ✓ scripts/news-pipeline.test.mjs (14 tests) 49ms
 ✓ scripts/release-calendar-replay.test.mjs (12 tests) 1113ms
 ✓ scripts/editorial-workflow.test.mjs (8 tests) 6ms
 ✓ scripts/time-boundary.test.mjs (6 tests) 36ms
 ✓ scripts/edition-revision.test.mjs (6 tests) 35ms
 ✓ scripts/title-hints.test.mjs (11 tests) 31ms
 ✓ scripts/event-ledger.test.mjs (6 tests) 14ms
 ✓ scripts/degraded-decision.test.mjs (7 tests) 34ms
 ✓ src/App.test.tsx (13 tests) 969ms
 ✓ scripts/editorial-bundle.test.mjs (4 tests) 15ms
 ✓ scripts/locale-infrastructure.test.mjs (5 tests) 16ms
 ✓ src/data/briefLoader.test.ts (5 tests) 14ms
 ✓ scripts/showcase.test.mjs (7 tests) 64ms
 ✓ src/ReadingApp.test.tsx (20 tests) 1321ms
 ✓ scripts/secondary-publication.test.mjs (4 tests) 12ms
 ✓ src/lib/brief.test.ts (9 tests) 6ms
 ✓ scripts/editorial-compat.test.mjs (5 tests) 7ms
 ✓ src/lib/english-render.test.ts (1 test) 3ms
 ✓ scripts/revision-packet.test.mjs (5 tests) 6ms
 ✓ scripts/showcase-queue.test.mjs (6 tests) 27ms
 ✓ scripts/source-health.test.mjs (3 tests) 3ms
 ✓ scripts/workflow-deployment.test.mjs (5 tests) 10ms
 ✓ scripts/publish-editorial-workflow.test.mjs (8 tests) 4ms
 ✓ scripts/media-alt.test.mjs (4 tests) 11ms
 ✓ scripts/revision-editorial-resubmission.test.mjs (4 tests) 29ms
 ✓ scripts/bilingual-revision-order.test.mjs (1 test) 9ms
 ✓ scripts/shadow-coverage.test.mjs (3 tests) 6ms
 ✓ scripts/workflow-output.test.mjs (4 tests) 250ms
 ✓ scripts/locale-bootstrap.test.mjs (1 test) 5ms
 ✓ scripts/upcoming-baseline.test.mjs (5 tests) 7ms
 ✓ scripts/evidence-budget.test.mjs (7 tests) 5ms
 ✓ scripts/title-knowledge.test.mjs (5 tests) 16ms
 ✓ scripts/daily-edition.test.mjs (6 tests) 24ms
 ✓ scripts/scheduled-task-contract.test.mjs (5 tests) 4ms
 ✓ scripts/shadow-detail-probe.test.mjs (2 tests) 8ms
 ✓ scripts/showcase-refresh.test.mjs (4 tests) 11ms
 ✓ scripts/coverage-audit.test.mjs (5 tests) 9ms
 ✓ scripts/source-record-filter.test.mjs (4 tests) 5ms
 ✓ scripts/source-feed-refinement.test.mjs (3 tests) 6ms
 ✓ scripts/source-expansion.test.mjs (4 tests) 6ms
 ✓ scripts/shadow-coverage-identity.test.mjs (3 tests) 4ms
 ✓ scripts/editorial-queue-workflow.test.mjs (2 tests) 3ms
 ✓ scripts/editorial-bundle-workflow.test.mjs (3 tests) 4ms
 ✓ scripts/same-edition-revision-workflow.test.mjs (3 tests) 4ms
 ✓ scripts/editorial-packet.test.mjs (3 tests) 24ms
 ✓ scripts/headline-subject.test.mjs (6 tests) 5ms
 ✓ scripts/media-status.test.mjs (4 tests) 4ms
 ✓ scripts/media-workflow.test.mjs (2 tests) 4ms
 ✓ scripts/editorial-ledger-view.test.mjs (5 tests) 5ms
 ✓ scripts/title-provider-failure.test.mjs (1 test) 250ms
 ✓ scripts/shadow-observation-workflow.test.mjs (3 tests) 3ms
 ✓ scripts/resolve-packet-dispatch.test.mjs (4 tests) 20ms
 ✓ scripts/evidence-readiness.test.mjs (5 tests) 3ms
 ✓ scripts/title-search-response.test.mjs (2 tests) 4ms
 ✓ scripts/daily-upcoming-contract.test.mjs (2 tests) 3ms
 ✓ scripts/news-pipeline-identity.test.mjs (3 tests) 7ms
 ✓ scripts/source-health-bootstrap.test.mjs (1 test) 93ms
 ✓ scripts/editorial-title-hints.test.mjs (1 test) 17ms
 ✓ src/App.daily.test.tsx (1 test) 132ms
 ✓ scripts/adjacent-edition.test.mjs (4 tests) 6ms
 ✓ scripts/source-expansion-phase2.test.mjs (3 tests) 11ms
 ✓ scripts/source-registry-phase2.test.mjs (2 tests) 43ms
 ✓ scripts/showcase-discovery.test.mjs (2 tests) 38ms
 ✓ scripts/primary-resolver.test.mjs (2 tests) 14ms
 ✓ scripts/review-source-registry.test.mjs (2 tests) 4ms
stdout | scripts/build-search-index.test.mjs
Generated search index v2 with 530 entries from 50 editions.

 ✓ scripts/build-search-index.test.mjs (3 tests) 456ms
 ✓ scripts/showcase-data-validation.test.mjs (1 test) 4ms
 ✓ scripts/published-time.test.mjs (4 tests) 3ms
 ✓ scripts/secondary-title-backfill-deploy.test.mjs (2 tests) 5ms
 ✓ scripts/source-visible-time.test.mjs (3 tests) 5ms
 ✓ scripts/secondary-revision-resubmission.test.mjs (1 test) 3ms
 ✓ scripts/deep-content-admission.test.mjs (1 test) 2ms
 ✓ scripts/shadow-detail-probe-workflow.test.mjs (1 test) 3ms
 ✓ scripts/provenance-observation.test.mjs (1 test) 3ms
 ✓ scripts/source-feed-refinement-doc.test.mjs (1 test) 2ms
 ✓ scripts/queue-sweep-resilience.test.mjs (1 test) 3ms
 ✓ scripts/source-provenance-doc.test.mjs (1 test) 3ms
 ✓ scripts/release-calendar-identity.test.mjs (15 tests) 20ms
 ✓ scripts/published-time-meta.test.mjs (2 tests) 4ms
 ✓ scripts/shadow-detail-probe-contract.test.mjs (1 test) 2ms
 ✓ scripts/release-calendar-discovery.test.mjs (14 tests) 187ms
 ✓ scripts/release-calendar-strategy.test.mjs (20 tests) 483ms
 ✓ scripts/release-calendar-health.test.mjs (11 tests) 137ms
 ✓ scripts/release-calendar-article-leads.test.mjs (9 tests) 330ms
 ✓ scripts/release-calendar-health-integration.test.mjs (6 tests) 1323ms
   ✓ release calendar health persistence integration > runs the real discovery CLI with isolated report and health paths  390ms
   ✓ release calendar health persistence integration > reads calendar-only history before strategy selection and records attempts only  446ms
 ✓ scripts/calendar-packet-integration.test.mjs (3 tests) 1560ms
   ✓ calendar packet integration > runs the real handoff builder with a failed discovery network without breaking news or inventing releases  385ms
   ✓ calendar packet integration > reuses the report without fetching or recording another health observation  733ms
   ✓ calendar packet integration > loads the previous calendar ledger on editorialize's direct discovery path  440ms

 Test Files  98 passed (98)
      Tests  554 passed (554)
   Start at  16:54:30
   Duration  12.03s (transform 1.62s, setup 0ms, collect 11.35s, tests 10.65s, environment 33.21s, prepare 6.50s)

npm warn Unknown env config "http-proxy". This will stop working in the next major version of npm.

> daily-game-brief@0.1.0 validate:data
> node scripts/validate-data.mjs

- warning: archive/2026/08/2026-08-26-pm.json: historical discoveryQueries exceeded 14
Validated 50 archived edition(s).
npm warn Unknown env config "http-proxy". This will stop working in the next major version of npm.

> daily-game-brief@0.1.0 validate:locales
> node scripts/validate-locales.mjs

Validated English locale infrastructure for 50 canonical editions.
npm warn Unknown env config "http-proxy". This will stop working in the next major version of npm.

> daily-game-brief@0.1.0 prebuild
> npm run build:locales && npm run build:search

npm warn Unknown env config "http-proxy". This will stop working in the next major version of npm.

> daily-game-brief@0.1.0 build:locales
> node scripts/build-locale-index.mjs

Generated English locale index: 37/50 editions available.
npm warn Unknown env config "http-proxy". This will stop working in the next major version of npm.

> daily-game-brief@0.1.0 build:search
> node scripts/build-search-index.mjs

Generated search index v2 with 530 entries from 50 editions.

> daily-game-brief@0.1.0 build
> tsc -b && vite build

vite v7.3.6 building client environment for production...
transforming...
✓ 4594 modules transformed.
rendering chunks...
computing gzip size...
dist/index.html                        0.93 kB │ gzip:   0.62 kB
dist/assets/ReadingApp-BJcFU_no.css   24.29 kB │ gzip:   5.30 kB
dist/assets/index-CcjkWiW_.css        47.19 kB │ gzip:   9.34 kB
dist/assets/ReadingApp-lbfN9tXD.js    35.61 kB │ gzip:  11.43 kB
dist/assets/index-QRI0o7Am.js        425.67 kB │ gzip: 138.87 kB
✓ built in 3.70s
